[www.imagetotext.io/index.html]
[backblue.gif]
[fade.gif]
[index.html]
[www.imagetotext.io/favicon.ico]
[www.imagetotext.io/es.html]
[www.imagetotext.io/id.html]
[www.imagetotext.io/da.html]
[www.imagetotext.io/de.html]
[www.imagetotext.io/fr.html]
[www.imagetotext.io/it.html]
[www.imagetotext.io/pl.html]
[www.imagetotext.io/ro.html]
[www.imagetotext.io/sv.html]
[www.imagetotext.io/cs.html]
[www.imagetotext.io/ru.html]
[www.imagetotext.io/th.html]
[www.imagetotext.io/ko.html]
[www.imagetotext.io/ch.html]
[www.imagetotext.io/pt.html]
[www.imagetotext.io/web_assets/frontend/css/stylec934.css]
[cdnjs.cloudflare.com/ajax/libs/cropperjs/1.5.12/cropper.min.js]
[cdnjs.cloudflare.com/ajax/libs/cropperjs/1.5.12/cropper.min.css]
[cdn.snigelweb.com/adengine/imagetotext.io/loader.js]
[www.imagetotext.io/web_assets/frontend/img/logoe67d.svg]
[www.imagetotext.io/jpg-to-word.html]
[www.imagetotext.io/pdf-to-word.html]
[www.imagetotext.io/jpg-to-pdf.html]
[www.imagetotext.io/pricing-plan.html]
[www.imagetotext.io/web_assets/frontend/img/nav-pricing-img.svg]
[www.imagetotext.io/web_assets/frontend/img/login-btn-img.svg]
[www.imagetotext.io/web_assets/frontend/img/lang-img/en.svg]
[www.imagetotext.io/web_assets/frontend/img/dropdown.svg]
[www.imagetotext.io/web_assets/frontend/img/lang-img/es.svg]
[www.imagetotext.io/web_assets/frontend/img/lang-img/id.svg]
[www.imagetotext.io/web_assets/frontend/img/lang-img/da.svg]
[www.imagetotext.io/web_assets/frontend/img/lang-img/de.svg]
[www.imagetotext.io/web_assets/frontend/img/lang-img/fr.svg]
[www.imagetotext.io/web_assets/frontend/img/lang-img/it.svg]
[www.imagetotext.io/web_assets/frontend/img/lang-img/pl.svg]
[www.imagetotext.io/web_assets/frontend/img/lang-img/ro.svg]
[www.imagetotext.io/web_assets/frontend/img/lang-img/sv.svg]
[www.imagetotext.io/web_assets/frontend/img/lang-img/cs.svg]
[www.imagetotext.io/web_assets/frontend/img/lang-img/ru.svg]
[www.imagetotext.io/web_assets/frontend/img/lang-img/th.svg]
[www.imagetotext.io/web_assets/frontend/img/lang-img/ko.svg]
[www.imagetotext.io/web_assets/frontend/img/lang-img/ch.svg]
[www.imagetotext.io/web_assets/frontend/img/lang-img/pt.svg]
[www.imagetotext.io/web_assets/frontend/img/logo.svg]
[www.imagetotext.io/web_assets/frontend/img/login-icon.svg]
[www.imagetotext.io/web_assets/frontend/img/tool-upload-img.png]
[cdn.livechatinc.com/tracking.js]
[www.imagetotext.io/web_assets/frontend/img/imagetotext_io.gif]
[www.imagetotext.io/web_assets/frontend/img/icon/right-plan-img.svg]
[www.imagetotext.io/web_assets/frontend/img/icon/plan-tick-icon.svg]
[www.imagetotext.io/web_assets/frontend/img/emoji1.svg]
[www.imagetotext.io/web_assets/frontend/img/emoji2.svg]
[www.imagetotext.io/web_assets/frontend/img/emoji3.svg]
[www.imagetotext.io/web_assets/frontend/img/emoji4.svg]
[www.imagetotext.io/web_assets/frontend/img/emoji5.svg]
[www.imagetotext.io/web_assets/frontend/img/plan-section1-img.png]
[www.imagetotext.io/web_assets/frontend/img/plan-section2-img.svg]
[www.imagetotext.io/web_assets/frontend/img/jpg-to-word.png]
[www.imagetotext.io/web_assets/frontend/img/pdf-to-word.png]
[www.imagetotext.io/web_assets/frontend/img/jpg-to-pdf.png]
[www.imagetotext.io/pdf-to-text.html]
[www.imagetotext.io/web_assets/frontend/img/pdf-to-text.png]
[www.imagetotext.io/invert-image.html]
[www.imagetotext.io/web_assets/frontend/img/invert-image.png]
[www.imagetotext.io/text-to-word.html]
[www.imagetotext.io/web_assets/frontend/img/text-to-word.png]
[www.imagetotext.io/text-to-pdf.html]
[www.imagetotext.io/web_assets/frontend/img/text-to-pdf.png]
[www.imagetotext.io/word-to-text.html]
[www.imagetotext.io/web_assets/frontend/img/word-to-text.png]
[www.imagetotext.io/text-to-image.html]
[www.imagetotext.io/web_assets/frontend/img/text-to-image.png]
[www.imagetotext.io/photo-translate.html]
[www.imagetotext.io/web_assets/frontend/img/photo-translate.png]
[www.imagetotext.io/web_assets/frontend/img/Step1.svg]
[www.imagetotext.io/web_assets/frontend/img/Step2.svg]
[www.imagetotext.io/web_assets/frontend/img/Step3.svg]
[www.imagetotext.io/storage/2023/May/downlaod_31.svg]
[www.imagetotext.io/storage/2023/May/copy_2.svg]
[www.imagetotext.io/blog/optical-character-recognition.html]
[www.imagetotext.io/blog/Google-Lens-And-How-It-Belongs-to-OCR-Technology.html]
[www.imagetotext.io/storage/2024/Apr/OCR_1.png]
[www.imagetotext.io/web_assets/frontend/img/right-arrow.svg]
[www.imagetotext.io/blog/tips-to-Convert-PDF-to-the-Text-file.html]
[www.imagetotext.io/storage/2023/Apr/TipstoConvertPDFtotheTextfile_71.png]
[www.imagetotext.io/blog/Turn-Images-into-Text-in-Three-Easy-Steps.html]
[www.imagetotext.io/storage/2023/Apr/TurnImagesintoTextinThreeEasySteps_97.png]
[www.imagetotext.io/web_assets/frontend/img/feed-success-modal-img.svg]
[www.imagetotext.io/web_assets/frontend/img/limit-increae.svg]
[challenges.cloudflare.com/turnstile/v0/g/d2a97f6b6ec9/api.js]
[www.imagetotext.io/web_assets/frontend/img/envelope.svg]
[www.imagetotext.io/cdn-cgi/l/email-protection.html]
[www.imagetotext.io/web_assets/frontend/img/facebook.svg]
[www.imagetotext.io/web_assets/frontend/img/linkdln.svg]
[www.imagetotext.io/blog.html]
[www.imagetotext.io/contact.html]
[www.imagetotext.io/about-us.html]
[www.imagetotext.io/privacy-policy.html]
[www.imagetotext.io/terms-and-conditions.html]
[www.imagetotext.io/refund-policy.html]
[www.imagetotext.io/web_assets/frontend/img/icon/gmail-icon.svg]
[www.imagetotext.io/web_assets/frontend/img/logo-2.svg]
[www.imagetotext.io/web_assets/frontend/img/signin-signup-img1.svg]
[www.imagetotext.io/cdn-cgi/scripts/5c5dd728/cloudflare-static/email-decode.min.js]
[code.jquery.com/jquery-3.6.0.min.js]
[www.imagetotext.io/web_assets/frontend/script/scriptc934.js]
[www.imagetotext.io/web_assets/frontend/script/homec934.js]
[www.imagetotext.io/index.html]
[www.imagetotext.io/es/jpg-to-word.html]
[www.imagetotext.io/es/pdf-to-word.html]
[www.imagetotext.io/es/jpg-to-pdf.html]
[www.imagetotext.io/chrome-extension_/mhncgbfifjnhlilpnccgbimimkjejada/icons/512.png]
[www.imagetotext.io/es.html]
[www.imagetotext.io/id/jpg-to-word.html]
[www.imagetotext.io/id/pdf-to-word.html]
[www.imagetotext.io/id/jpg-to-pdf.html]
[www.imagetotext.io/id.html]
[www.imagetotext.io/da/jpg-to-word.html]
[www.imagetotext.io/da/pdf-to-word.html]
[www.imagetotext.io/da/jpg-to-pdf.html]
[www.imagetotext.io/da.html]
[www.imagetotext.io/de/jpg-to-word.html]
[www.imagetotext.io/de/pdf-to-word.html]
[www.imagetotext.io/de/jpg-to-pdf.html]
[www.imagetotext.io/de.html]
[www.imagetotext.io/fr/jpg-to-word.html]
[www.imagetotext.io/fr/pdf-to-word.html]
[www.imagetotext.io/fr/jpg-to-pdf.html]
[www.imagetotext.io/fr.html]
[www.imagetotext.io/it/jpg-to-word.html]
[www.imagetotext.io/it/pdf-to-word.html]
[www.imagetotext.io/it/jpg-to-pdf.html]
[www.imagetotext.io/it.html]
[www.imagetotext.io/pl/jpg-to-word.html]
[www.imagetotext.io/pl/pdf-to-word.html]
[www.imagetotext.io/pl/jpg-to-pdf.html]
[www.imagetotext.io/pl.html]
[www.imagetotext.io/ro/jpg-to-word.html]
[www.imagetotext.io/ro/pdf-to-word.html]
[www.imagetotext.io/ro/jpg-to-pdf.html]
[www.imagetotext.io/ro.html]
[www.imagetotext.io/sv/jpg-to-word.html]
[www.imagetotext.io/sv/pdf-to-word.html]
[www.imagetotext.io/sv/jpg-to-pdf.html]
[www.imagetotext.io/sv.html]
[www.imagetotext.io/cs/jpg-to-word.html]
[www.imagetotext.io/cs/pdf-to-word.html]
[www.imagetotext.io/cs/jpg-to-pdf.html]
[www.imagetotext.io/cs.html]
[www.imagetotext.io/ru/jpg-to-word.html]
[www.imagetotext.io/ru/pdf-to-word.html]
[www.imagetotext.io/ru/jpg-to-pdf.html]
[www.imagetotext.io/ru/photo-translate.html]
[www.imagetotext.io/ru.html]
[www.imagetotext.io/th/jpg-to-word.html]
[www.imagetotext.io/th/pdf-to-word.html]
[www.imagetotext.io/th/jpg-to-pdf.html]
[www.imagetotext.io/th.html]
[www.imagetotext.io/ko/jpg-to-word.html]
[www.imagetotext.io/ko/pdf-to-word.html]
[www.imagetotext.io/ko/jpg-to-pdf.html]
[www.imagetotext.io/ko.html]
[www.imagetotext.io/ch/jpg-to-word.html]
[www.imagetotext.io/ch/pdf-to-word.html]
[www.imagetotext.io/ch/jpg-to-pdf.html]
[www.imagetotext.io/ch.html]
[www.imagetotext.io/pt/jpg-to-word.html]
[www.imagetotext.io/pt/pdf-to-word.html]
[www.imagetotext.io/pt/jpg-to-pdf.html]
[www.imagetotext.io/pt.html]
[www.imagetotext.io/web_assets/frontend/img/imagetotext-io-sale.svg]
[www.imagetotext.io/web_assets/frontend/css/stylec934.css]
[cdnjs.cloudflare.com/ajax/libs/cropperjs/1.5.12/cropper.min.css]
[www.imagetotext.io/web_assets/frontend/img/logoe67d.svg]
[www.imagetotext.io/web_assets/frontend/img/image-to-text.png]
[www.imagetotext.io/jpg-to-word.html]
[www.imagetotext.io/web_assets/frontend/script/pdf-to-wordc934.js]
[www.imagetotext.io/pdf-to-word.html]
[cdnjs.cloudflare.com/ajax/libs/pdfmake/0.1.68/pdfmake.min.js]
[cdnjs.cloudflare.com/ajax/libs/pdfmake/0.1.68/vfs_fonts.js]
[www.imagetotext.io/web_assets/frontend/script/jpg-to-pdfc934.js]
[www.imagetotext.io/jpg-to-pdf.html]
[www.imagetotext.io/web_assets/frontend/img/weekly-plan-icon.svg]
[www.imagetotext.io/web_assets/frontend/img/tick-icon.svg]
[www.imagetotext.io/web_assets/frontend/img/premium-plan-icon.svg]
[www.imagetotext.io/web_assets/frontend/img/basic-plan-icon.svg]
[www.imagetotext.io/web_assets/frontend/img/enterprise-plan-icon.svg]
[www.imagetotext.io/pricing-plan.html]
[www.imagetotext.io/web_assets/frontend/img/nav-pricing-img.svg]
[www.imagetotext.io/web_assets/frontend/img/login-btn-img.svg]
[www.imagetotext.io/web_assets/frontend/img/lang-img/en.svg]
[www.imagetotext.io/web_assets/frontend/img/dropdown.svg]
[www.imagetotext.io/web_assets/frontend/img/lang-img/es.svg]
[www.imagetotext.io/web_assets/frontend/img/lang-img/id.svg]
[www.imagetotext.io/web_assets/frontend/img/lang-img/da.svg]
[www.imagetotext.io/web_assets/frontend/img/lang-img/de.svg]
[www.imagetotext.io/web_assets/frontend/img/lang-img/fr.svg]
[www.imagetotext.io/web_assets/frontend/img/lang-img/it.svg]
[www.imagetotext.io/web_assets/frontend/img/lang-img/pl.svg]
[www.imagetotext.io/web_assets/frontend/img/lang-img/ro.svg]
[www.imagetotext.io/web_assets/frontend/img/lang-img/sv.svg]
[www.imagetotext.io/web_assets/frontend/img/lang-img/cs.svg]
[www.imagetotext.io/web_assets/frontend/img/lang-img/ru.svg]
[www.imagetotext.io/web_assets/frontend/img/lang-img/th.svg]
[www.imagetotext.io/web_assets/frontend/img/lang-img/ko.svg]
[www.imagetotext.io/web_assets/frontend/img/lang-img/ch.svg]
[www.imagetotext.io/web_assets/frontend/img/lang-img/pt.svg]
[www.imagetotext.io/web_assets/frontend/img/logo.svg]
[www.imagetotext.io/web_assets/frontend/img/login-icon.svg]
[www.imagetotext.io/web_assets/frontend/img/icon/right-plan-img.svg]
[www.imagetotext.io/web_assets/frontend/img/icon/plan-tick-icon.svg]
[www.imagetotext.io/web_assets/frontend/img/emoji1.svg]
[www.imagetotext.io/web_assets/frontend/img/emoji2.svg]
[www.imagetotext.io/web_assets/frontend/img/emoji3.svg]
[www.imagetotext.io/web_assets/frontend/img/emoji4.svg]
[www.imagetotext.io/web_assets/frontend/img/emoji5.svg]
[www.imagetotext.io/web_assets/frontend/img/plan-section2-img.svg]
[www.imagetotext.io/web_assets/frontend/script/pdf-to-textc934.js]
[www.imagetotext.io/pdf-to-text.html]
[cdnjs.cloudflare.com/ajax/libs/jszip/3.1.5/jszip.min.js]
[www.imagetotext.io/web_assets/frontend/script/invert-imagec934.js]
[www.imagetotext.io/invert-image.html]
[www.imagetotext.io/web_assets/frontend/css/textc934.css]
[cdnjs.cloudflare.com/ajax/libs/tinymce/6.8.2/tinymce.min.js]
[www.imagetotext.io/web_assets/frontend/script/text-to-wordc934.js]
[www.imagetotext.io/text-to-word.html]
[cdn.jsdelivr.net/npm/html-to-pdfmake/browser.js]
[cdnjs.cloudflare.com/ajax/libs/jszip/3.5.0/jszip.min.js]
[www.imagetotext.io/web_assets/frontend/script/text-to-pdfc934.js]
[www.imagetotext.io/text-to-pdf.html]
[www.imagetotext.io/web_assets/frontend/script/word-to-textc934.js]
[www.imagetotext.io/word-to-text.html]
[www.imagetotext.io/web_assets/frontend/css/text-to-imgc934.css]
[cdnjs.cloudflare.com/ajax/libs/fabric.js/4.3.1/fabric.min.js]
[www.imagetotext.io/web_assets/frontend/script/text-to-imagec934.js]
[www.imagetotext.io/text-to-image.html]
[www.imagetotext.io/web_assets/frontend/css/image-translatorc934.css]
[www.imagetotext.io/web_assets/frontend/img/image-translator-lang-arrow.svg]
[www.imagetotext.io/web_assets/frontend/img/tool-lang-trans.png]
[www.imagetotext.io/web_assets/frontend/img/image-trans-result.png]
[www.imagetotext.io/web_assets/frontend/img/start-again.svg]
[www.imagetotext.io/web_assets/frontend/img/extract-text.svg]
[www.imagetotext.io/web_assets/frontend/img/download-white.svg]
[www.imagetotext.io/web_assets/frontend/script/image-translatorc934.js]
[www.imagetotext.io/photo-translate.html]
[www.imagetotext.io/web_assets/frontend/img/Step1.svg]
[www.imagetotext.io/web_assets/frontend/img/Step2.svg]
[www.imagetotext.io/web_assets/frontend/img/Step3.svg]
[www.imagetotext.io/storage/2023/May/downlaod_31.svg]
[www.imagetotext.io/storage/2023/May/copy_2.svg]
[www.imagetotext.io/storage/2024/Apr/backgroundofOCR_31.jpg]
[www.imagetotext.io/storage/2024/Apr/FunctioningofOCR_89.jpg]
[www.imagetotext.io/blog/optical-character-recognition.html]
[www.imagetotext.io/storage/2023/Apr/WhatisGoogleLensAndHowItBelongstoOCRTechnology_79.png]
[www.imagetotext.io/blog/Google-Lens-And-How-It-Belongs-to-OCR-Technology.html]
[www.imagetotext.io/web_assets/frontend/img/right-arrow.svg]
[www.imagetotext.io/blog/tips-to-Convert-PDF-to-the-Text-file.html]
[www.imagetotext.io/blog/Turn-Images-into-Text-in-Three-Easy-Steps.html]
[www.imagetotext.io/web_assets/frontend/img/feed-success-modal-img.svg]
[www.imagetotext.io/web_assets/frontend/img/limit-increae.svg]
[www.imagetotext.io/web_assets/frontend/img/envelope.svg]
[www.imagetotext.io/cdn-cgi/l/email-protection.html]
[www.imagetotext.io/web_assets/frontend/img/facebook.svg]
[www.imagetotext.io/web_assets/frontend/img/linkdln.svg]
[www.imagetotext.io/blog/Major-Practical-Applications-of-OCR-Technology.html]
[www.imagetotext.io/storage/2023/Apr/5MajorPracticalApplicationsofOCRTechnology11111_65.png]
[www.imagetotext.io/blog/image-to-text-advantages-in-education.html]
[www.imagetotext.io/storage/2023/Apr/KeyAdvantagesofImagetoTextTechnologyinEducationWorld_60.png]
[www.imagetotext.io/blog/image-to-text-can-ease-writing-process.html]
[www.imagetotext.io/storage/2023/Apr/HowImagetoTextTechnologyCanEaseYourWritingProcess_44.png]
[www.imagetotext.io/blog.html]
[www.imagetotext.io/web_assets/frontend/img/contact-img.svg]
[www.imagetotext.io/web_assets/frontend/img/social-icon/fb-icon.svg]
[www.imagetotext.io/web_assets/frontend/img/social-icon/is-icon.svg]
[www.imagetotext.io/web_assets/frontend/img/social-icon/lk-icon.svg]
[www.imagetotext.io/web_assets/frontend/img/social-icon/tw-icon.svg]
[www.imagetotext.io/web_assets/frontend/script/contact_usc934.js]
[www.imagetotext.io/contact.html]
[www.imagetotext.io/about-us.html]
[www.imagetotext.io/privacy-policy.html]
[www.imagetotext.io/terms-and-conditions.html]
[www.imagetotext.io/refund-policy.html]
[www.imagetotext.io/web_assets/frontend/img/icon/gmail-icon.svg]
[www.imagetotext.io/web_assets/frontend/img/logo-2.svg]
[www.imagetotext.io/web_assets/frontend/img/signin-signup-img1.svg]
[www.imagetotext.io/es/jpg-to-word.html]
[www.imagetotext.io/es/pdf-to-word.html]
[www.imagetotext.io/es/jpg-to-pdf.html]
[www.imagetotext.io/chrome-extension_/mhncgbfifjnhlilpnccgbimimkjejada/icons/512.html]
[www.imagetotext.io/id/jpg-to-word.html]
[www.imagetotext.io/id/pdf-to-word.html]
[www.imagetotext.io/id/jpg-to-pdf.html]
[www.imagetotext.io/da/jpg-to-word.html]
[www.imagetotext.io/da/pdf-to-word.html]
[www.imagetotext.io/da/jpg-to-pdf.html]
[www.imagetotext.io/de/jpg-to-word.html]
[www.imagetotext.io/de/pdf-to-word.html]
[www.imagetotext.io/de/jpg-to-pdf.html]
[www.imagetotext.io/fr/jpg-to-word.html]
[www.imagetotext.io/fr/pdf-to-word.html]
[www.imagetotext.io/fr/jpg-to-pdf.html]
[www.imagetotext.io/it/jpg-to-word.html]
[www.imagetotext.io/it/pdf-to-word.html]
[www.imagetotext.io/it/jpg-to-pdf.html]
[www.imagetotext.io/pl/jpg-to-word.html]
[www.imagetotext.io/pl/pdf-to-word.html]
[www.imagetotext.io/pl/jpg-to-pdf.html]
[www.imagetotext.io/ro/jpg-to-word.html]
[www.imagetotext.io/ro/pdf-to-word.html]
[www.imagetotext.io/ro/jpg-to-pdf.html]
[www.imagetotext.io/sv/jpg-to-word.html]
[www.imagetotext.io/sv/pdf-to-word.html]
[www.imagetotext.io/sv/jpg-to-pdf.html]
[www.imagetotext.io/cs/jpg-to-word.html]
[www.imagetotext.io/cs/pdf-to-word.html]
[www.imagetotext.io/cs/jpg-to-pdf.html]
[www.imagetotext.io/ru/jpg-to-word.html]
[www.imagetotext.io/ru/pdf-to-word.html]
[www.imagetotext.io/ru/jpg-to-pdf.html]
[www.imagetotext.io/ru/photo-translate.html]
[www.imagetotext.io/th/jpg-to-word.html]
[www.imagetotext.io/th/pdf-to-word.html]
[www.imagetotext.io/th/jpg-to-pdf.html]
[www.imagetotext.io/ko/jpg-to-word.html]
[www.imagetotext.io/ko/pdf-to-word.html]
[www.imagetotext.io/ko/jpg-to-pdf.html]
[www.imagetotext.io/ch/jpg-to-word.html]
[www.imagetotext.io/ch/pdf-to-word.html]
[www.imagetotext.io/ch/jpg-to-pdf.html]
[www.imagetotext.io/pt/jpg-to-word.html]
[www.imagetotext.io/pt/pdf-to-word.html]
[www.imagetotext.io/pt/jpg-to-pdf.html]
[www.imagetotext.io/web_assets/frontend/img/imagetotext-io-sale.html]
[www.imagetotext.io/web_assets/frontend/img/weekly-plan-icon.svg]
[www.imagetotext.io/web_assets/frontend/img/tick-icon.svg]
[www.imagetotext.io/web_assets/frontend/img/premium-plan-icon.svg]
[www.imagetotext.io/web_assets/frontend/img/basic-plan-icon.svg]
[www.imagetotext.io/web_assets/frontend/img/enterprise-plan-icon.svg]
[www.imagetotext.io/web_assets/frontend/css/textc934.css]
[www.imagetotext.io/web_assets/frontend/css/text-to-imgc934.css]
[www.imagetotext.io/web_assets/frontend/css/image-translatorc934.css]
[www.imagetotext.io/web_assets/frontend/img/image-translator-lang-arrow.svg]
[www.imagetotext.io/web_assets/frontend/img/start-again.svg]
[www.imagetotext.io/web_assets/frontend/img/extract-text.svg]
[www.imagetotext.io/web_assets/frontend/img/download-white.svg]
[www.imagetotext.io/blog/Major-Practical-Applications-of-OCR-Technology.html]
[www.imagetotext.io/blog/image-to-text-advantages-in-education.html]
[www.imagetotext.io/blog/image-to-text-can-ease-writing-process.html]
[www.imagetotext.io/web_assets/frontend/img/contact-img.svg]
[www.imagetotext.io/web_assets/frontend/img/social-icon/fb-icon.svg]
[www.imagetotext.io/web_assets/frontend/img/social-icon/is-icon.svg]
[www.imagetotext.io/web_assets/frontend/img/social-icon/lk-icon.svg]
[www.imagetotext.io/web_assets/frontend/img/social-icon/tw-icon.svg]
